178: DecimalFormat.java:3166 ConcreteFieldPosition[] @ 8
99: Character.java:1046 ConcreteString @ 569
49: InetAddress.java:833 ConcreteString @ 121
181: SocketPermission.java:215 ConcreteGetBooleanAction @ 3
131: TreeSet.java:82 ConcreteObject @ 1
67: ObjectStreamEncoder$CharsetSE @ -1
160: Pattern.java:5639 ConcretePattern$Ctype @ 402
56: StandardCharsets.java:19 ConcreteString @ 13
117: StandardCharsets.java:19 ConcreteString @ 21
65: DateFormat.java:806 ConcreteDateFormat$Field @ 9
1: JavaParserTokenManager.java:1791 ConcreteString @ 1745
132: ObjectStreamEncoder$CharsetSE @ -1
182: SimpleTimeZone.java:1101 Concretebyte[] @ 51
100: StandardCharsets.java:19 ConcreteString @ 45
91: InetAddress.java:851 ConcreteInetAddress$2 @ 82
150: DateFormat.java:901 ConcreteString @ 125
46: StandardCharsets.java:46 ConcreteString @ 87
35: JavaParserTokenManager.java:1791 ConcreteString @ 1657
60: InetAddress.java:829 ConcreteGetPropertyAction @ 100
37: Character.java:1024 ConcreteString @ 542
136: Pattern.java:5645 ConcreteString @ 462
50: DateFormatSymbols.java:401 ConcreteHashtable @ 1
135: Pattern.java:5644 ConcretePattern$Range @ 447
42: DateFormat.java:806 ConcreteDateFormat$Field @ 9
149: StandardCharsets.java:46 ConcreteString @ 87
161: StandardCharsets.java:46 ConcreteString[] @ 79
38: Character.java:1024 ConcreteCharacter$UnicodeBlock @ 539
34: Pattern.java:5641 ConcreteString @ 426
109: Character.java:1061 ConcreteString[] @ 589
63: DateFormat.java:875 ConcreteString @ 97
72: Pattern.java:5643 ConcretePattern$Ctype @ 438
80: Character.java:1038 ConcreteCharacter$UnicodeBlock @ 551
133: BigInteger.java:2658 ConcreteString @ 3955
169: Executors.java:530 ConcreteAtomicInteger @ 1
165: NetworkInterface.java:33 ConcreteLoadLibraryAction @ 1
163: JavaParserTokenManager.java:1791 ConcreteString @ 1677
185: Character.java:1076 ConcreteString[] @ 619
78: ThreadPoolExecutor.java:277 ConcreteClass @ 2
87: DateFormat.java:714 ConcreteHashMap @ 1
83: DateFormat.java:875 ConcreteString @ 97
58: JavaParserTokenManager.java:1791 ConcreteString @ 1661
144: BufferedInputStream.java:52 ConcreteString @ 3
60: InetAddress.java:162 ConcreteClass @ 2
187: Character.java:1061 ConcreteString @ 599
17: StandardCharsets.java:36 ConcreteString @ 63
56: Pattern.java:5641 ConcretePattern$Range @ 420
176: StandardCharsets.java:19 ConcreteString @ 41
190: Character.java:1031 ConcreteString @ 548
113: TimeUnit.java:40 ConcreteString @ 22
105: StandardCharsets.java:19 ConcreteString @ 21
200: Objectbyte[] @ -1
155: JavaParserTokenManager.java:1791 ConcreteString @ 1665
173: JavaParserTokenManager.java:1791 ConcreteString @ 1669
32: DecimalFormat.java:3166 ConcreteFieldPosition[] @ 8
2: JavaParserTokenManager.java:1791 ConcreteString @ 1737
125: ObjectSurrogate$Parser @ -1
196: JavaParserTokenManager.java:1791 ConcreteString @ 1689
194: StandardCharsets.java:36 ConcreteString[] @ 59
175: StandardCharsets.java:19 ConcreteString @ 53
9: StandardCharsets.java:19 ConcreteString @ 45
79: Objectbyte[] @ -1
1: StandardCharsets.java:41 ConcreteString @ 73
66: InetAddress.java:851 ConcreteInetAddress$2 @ 82
194: Pattern.java:5647 ConcreteString @ 478
171: DecimalFormat.java:3182 ConcreteHashtable @ 10
52: InetAddress.java:162 ConcreteClass @ 2
191: ResourceBundle.java:230 ConcreteObject @ 14
158: DecimalFormat.java:3166 ConcreteFieldPosition[] @ 8
76: BigInteger.java:2656 ConcreteString[] @ 3950
95: BigInteger.java:2658 ConcreteString @ 3955
47: Character.java:1076 ConcreteString[] @ 619
81: DecimalFormat.java:3166 ConcreteFieldPosition[] @ 8
122: AbstractExecutorService.java:26 ConcreteClass @ 2
94: DecimalFormat.java:3166 ConcreteFieldPosition[] @ 8
163: BigDecimal.java:262 ConcreteBigDecimal @ 47
53: BigDecimal.java:262 ConcreteBigDecimal @ 99
97: SecureClassLoader.java:36 ConcreteString @ 2
186: StandardCharsets.java:19 ConcreteString @ 49
122: BigDecimal.java:262 ConcreteBigDecimal @ 10
141: Debug.java:29 ConcreteString @ 12
170: BufferedInputStream.java:52 ConcreteClass @ 5
183: DontCareFieldPosition.java:17 ConcreteDontCareFieldPosition @ 1
71: BufferedInputStream.java:52 ConcreteString @ 3
195: TimeZone.java:117 ConcreteClass @ 2
23: StandardCharsets.java:36 ConcreteString[] @ 59
65: Debug.java:37 ConcreteString @ 28
155: BigInteger.java:2377 Concretebyte[] @ 2924
21: JavaParserTokenManager.java:1791 ConcreteString @ 1733
62: ObjectHeapByteBuffer @ -1
12: ThreadPoolExecutor.java:286 ConcreteRuntimePermission @ 10
64: Character.java:1053 ConcreteCharacter$UnicodeBlock @ 572
104: BigInteger.java:3072 ConcreteObjectStreamField[] @ 2782
48: StandardCharsets.java:19 ConcreteString @ 37
134: BigInteger.java:2951 Concreteint[] @ 2077
52: DateFormat.java:881 ConcreteString @ 104
119: SecureClassLoader.java:36 ConcreteString @ 2
16: Pattern.java:5646 ConcretePattern$JavaLowerCase @ 465
132: Pattern.java:5640 ConcreteString @ 417
197: FileSystem.java:222 ConcreteString @ 5
44: Pattern.java:5646 ConcretePattern$JavaLowerCase @ 465
152: Character.java:1024 ConcreteString @ 542
62: TimeZone.java:117 ConcreteClass @ 2
147: StandardCharsets.java:19 ConcreteString @ 45
197: Character.java:1017 ConcreteString @ 536
7: Pattern.java:5640 ConcretePattern$Range @ 411
119: JavaParserTokenManager.java:1791 ConcreteString @ 1657
123: InetAddress.java:829 ConcreteGetPropertyAction @ 100
157: Objectnull @ -1
177: Pattern.java:5641 ConcreteString @ 426
78: DateFormat.java:875 ConcreteString @ 97
106: BufferedInputStream.java:52 ConcreteClass @ 4
95: ThreadPoolExecutor.java:281 ConcreteRunnable[] @ 8
75: BigDecimal.java:262 ConcreteBigDecimal @ 138
3: Pattern.java:5639 ConcretePattern$Ctype @ 402
165: StandardCharsets.java:36 ConcreteString @ 67
17: Character.java:1053 ConcreteString @ 584
94: Character.java:1031 ConcreteCharacter$UnicodeBlock @ 545
110: StandardCharsets.java:41 ConcreteString[] @ 69
34: Character.java:1068 ConcreteCharacter$UnicodeBlock @ 602
97: Pattern.java:5641 ConcreteString @ 426
133: Character.java:1076 ConcreteString @ 629
186: Character.java:1046 ConcreteCharacter$UnicodeBlock @ 566
113: TimeUnit.java:40 ConcreteTimeUnit @ 1
4: ThreadPoolExecutor.java:286 ConcreteRuntimePermission @ 10
189: JavaParserTokenManager.java:1791 ConcreteString @ 1697
61: TimeUnit.java:40 ConcreteTimeUnit @ 9
7: Objectbyte[] @ -1
135: InetAddress.java:214 ConcreteString @ 23
26: DecimalFormat.java:3166 ConcreteFieldPosition[] @ 8
171: Policy.java:81 ConcreteString @ 2
185: JavaParserTokenManager.java:1791 ConcreteString @ 1657
133: JavaParserTokenManager.java:1791 ConcreteString @ 1689
142: BigDecimal.java:262 ConcreteBigDecimal @ 60
190: Pattern.java:5649 ConcretePattern$JavaDigit @ 489
0: TimeUnit.java:40 ConcreteString @ 22
119: JavaParserTokenManager.java:1791 ConcreteString @ 1733
4: Objectnull @ -1
16: BigDecimal.java:262 ConcreteBigDecimal[] @ 8
166: Character.java:1068 ConcreteCharacter$UnicodeBlock @ 602
31: ResourceBundle.java:230 ConcreteObject @ 14
21: StandardCharsets.java:19 ConcreteString @ 33
132: DateFormat.java:806 ConcreteDateFormat$Field @ 9
103: Pattern.java:5642 ConcreteString @ 435
23: TimeUnit.java:40 ConcreteString @ 14
101: JavaParserTokenManager.java:1791 ConcreteString @ 1709
42: TimeZone.java:149 ConcreteHashtable @ 8
143: DateFormatSymbols.java:406 ConcreteHashtable @ 7
62: Objectnull @ -1
153: Character.java:1053 ConcreteString @ 584
37: JavaParserTokenManager.java:1791 ConcreteString @ 1657
35: AttributedCharacterIterator.java:141 ConcreteString @ 10
132: ObjectSurrogate$Parser @ -1
66: StandardCharsets.java:19 ConcreteString @ 13
103: JavaParserTokenManager.java:1791 ConcreteString @ 1669
110: Character.java:1053 ConcreteCharacter$UnicodeBlock @ 572
13: Pattern.java:5640 ConcretePattern$Range @ 411
138: InetAddress.java:829 ConcreteGetPropertyAction @ 100
22: StandardCharsets.java:19 ConcreteString @ 17
98: SimpleTimeZone.java:1101 Concretebyte[] @ 51
88: SecureClassLoader.java:36 ConcreteString @ 2
167: MessageFormat.java:1128 ConcreteString @ 4
112: Pattern.java:5645 ConcretePattern$Ctype @ 456
57: NetworkInterface.java:33 ConcreteString @ 4
170: DateFormat.java:881 ConcreteString @ 104
185: InetAddress.java:851 ConcreteInetAddress$2 @ 82
187: Character.java:1076 ConcreteString[] @ 619
137: AbstractExecutorService.java:26 ConcreteClass @ 2
184: BigInteger.java:2978 Concreteint[] @ 2482
85: Objectnull @ -1
51: Character.java:1038 ConcreteString[] @ 553
171: JavaParserTokenManager.java:1791 ConcreteString @ 1717
140: InetAddress.java:162 ConcreteClass @ 2
182: DecimalFormat.java:3182 ConcreteHashtable @ 10
199: BigDecimal.java:262 ConcreteBigDecimal @ 86
4: JavaParserTokenManager.java:1791 ConcreteString @ 1709
67: LinkedBlockingQueue.java:45 ConcreteClass @ 2
133: BigDecimal.java:262 ConcreteBigDecimal @ 10
189: Pattern.java:5640 ConcreteString @ 417
22: Objectnull @ -1
81: DateFormatSymbols.java:406 ConcreteHashtable @ 7
141: JavaParserTokenManager.java:1791 ConcreteString @ 1709
93: Pattern.java:5640 ConcretePattern$Range @ 411
69: JavaParserTokenManager.java:1791 ConcreteString @ 1741
132: StandardCharsets.java:19 ConcreteString @ 57
195: Debug.java:37 ConcreteStringBuilder @ 20
156: JavaParserTokenManager.java:1791 ConcreteString @ 1725
10: Character.java:1024 ConcreteString @ 542
82: Character.java:1046 ConcreteString @ 569
149: Pattern.java:5640 ConcreteString @ 417
132: Character.java:1038 ConcreteString @ 563
71: SimpleTimeZone.java:1101 Concretebyte[] @ 51
189: Character.java:1053 ConcreteString[] @ 574
51: DateFormat.java:895 ConcreteDateFormat$Field @ 114
60: BigInteger.java:2951 Concreteint[] @ 2077
195: AttributedCharacterIterator.java:141 ConcreteString @ 10
35: Pattern.java:5646 ConcretePattern$JavaLowerCase @ 465
83: DateFormatSymbols.java:406 ConcreteHashtable @ 7
153: Character.java:1046 ConcreteString @ 569
40: Character.java:1053 ConcreteString[] @ 574
28: Pattern.java:5646 ConcretePattern$JavaLowerCase @ 465
